
Allocating common symbols
Common symbol       size              file

ones                0x1               build/main.o
pass                0xa               build/main.o
logname             0xa               build/main.o
rbuf                0x4               build/main.o
alarm               0x1               build/main.o
buffer              0x4               build/main.o
float_exception_flags
                    0x1               build/main.o
tens                0x1               build/main.o
float_rounding_mode
                    0x1               build/main.o
tbuf                0x4               build/main.o

Memory Configuration

Name             Origin             Length             Attributes
*default*        0x00000000         0xffffffff

Linker script and memory map

LOAD build/boot.o
LOAD build/uart.o
LOAD build/spi.o
LOAD build/bcm2835.o
LOAD build/main.o
LOAD build/softfloat.o
LOAD build/can.o
LOAD build/i2c.o
                0x00000000                . = 0x0

.text           0x00000000     0xbd3c
 *(.text)
 .text          0x00000000     0x8104 build/boot.o
                0x00000000                vectors
                0x00008000                reset
                0x000080b0                reboot
                0x000080b4                enable_arm_irq
                0x000080c4                disable_arm_irq
                0x000080d4                enable_arm_fiq
                0x000080e4                disable_arm_fiq
                0x000080f4                vfp11_add
 .text          0x00008104      0x23c build/uart.o
                0x00008198                uart_init
                0x00008254                uart_putc
                0x000082ac                uart_readc
                0x000082f8                uart_puts
 .text          0x00008340      0x164 build/spi.o
                0x00008340                bcm2835_spi_begin
                0x000083b8                bcm2835_spi_end
                0x00008400                bcm2835_spi_setBitOrder
                0x00008420                bcm2835_spi_setClockDivider
                0x00008460                bcm2835_spi_setDataMode
 .text          0x000084a4      0x600 build/bcm2835.o
                0x000084a4                bcm2835_st_read
                0x00008538                bcm2835_spi_transfernb
                0x00008688                bcm2835_gpio_set
                0x000086f0                bcm2835_gpio_fsel
                0x000087ac                bcm2835_peri_read
                0x000087e8                bcm2835_st_delay
                0x00008830                bcm2835_delayMicroseconds
                0x0000885c                bcm2835_peri_read_nb
                0x00008884                bcm2835_peri_write
                0x000088bc                bcm2835_peri_write_nb
                0x000088e8                bcm2835_peri_set_bits
                0x00008944                bcm2835_gpio_clr
                0x000089ac                bcm2835_gpio_write
                0x000089f8                bcm2835_spi_chipSelect
                0x00008a38                bcm2835_spi_setChipSelectPolarity
 .text          0x00008aa4     0x1a44 build/main.o
                0x00008b10                testdelay
                0x00008b50                enable_irq_57
                0x00008b6c                disable_irq_57
                0x00008b88                ValidateGPUData
                0x00008bc8                GPUInit
                0x00008be4                banner
                0x00008c08                BCDtoUint8
                0x00008c60                DATE
                0x0000924c                TIME
                0x00009868                ALARM
                0x00009dec                CANCOM
                0x00009f28                ADC
                0x0000a068                RES
                0x0000a078                HELP
                0x0000a090                SFT
                0x0000a108                VFP11
                0x0000a11c                command
                0x0000a228                logon
                0x0000a478                kernel_main
                0x0000a4ac                irq_handler
 .text          0x0000a4e8     0x1348 build/softfloat.o
                0x0000a4e8                float32_is_signaling_nan
                0x0000a548                float32_is_nan
                0x0000a57c                extractFloat32Frac
                0x0000a5a8                extractFloat32Exp
                0x0000a5d4                extractFloat32Sign
                0x0000a744                shift32RightJamming
                0x0000a7e4                packFloat32
                0x0000ad40                float_raise
                0x0000b178                float32_add
                0x0000b1ec                float32_sub
                0x0000b260                expo
                0x0000b2bc                digits
                0x0000b32c                getfraction
                0x0000b408                ASCII_to_float32
                0x0000b808                float32_to_ASCII
 .text          0x0000b830      0x1e0 build/can.o
                0x0000b830                spitocan
                0x0000b8fc                cantospi
                0x0000b9c4                initCAN
                0x0000b9d8                CANtransmit
                0x0000b9f8                CANreceive
 .text          0x0000ba10      0x32c build/i2c.o
                0x0000ba10                bcm2835_i2c_begin
                0x0000ba34                bcm2835_i2c_end
                0x0000ba58                bcm2835_i2c_setSlaveAddress
                0x0000ba98                bcm2835_i2c_setClockDivider
                0x0000bad8                bcm2835_i2c_write
                0x0000bba8                bcm2835_i2c_read

.glue_7         0x0000bd3c        0x0
 .glue_7        0x00000000        0x0 linker stubs

.glue_7t        0x0000bd3c        0x0
 .glue_7t       0x00000000        0x0 linker stubs

.vfp11_veneer   0x0000bd3c        0x0
 .vfp11_veneer  0x00000000        0x0 linker stubs

.v4_bx          0x0000bd3c        0x0
 .v4_bx         0x00000000        0x0 linker stubs

.iplt           0x0000bd3c        0x0
 .iplt          0x00000000        0x0 build/boot.o

.rodata         0x0000bd3c      0x954
 *(.rodata)
 .rodata        0x0000bd3c      0x528 build/main.o
                0x0000bd3c                MS1
                0x0000bd54                MS2
                0x0000bd8c                MS3
                0x0000bd98                MS4
                0x0000bdb8                GPUDATAERROR
                0x0000bddc                LOGONNAME
                0x0000bde8                PASSWORD
 .rodata        0x0000c264      0x42c build/softfloat.o

.rel.dyn        0x0000c690        0x0
 .rel.iplt      0x00000000        0x0 build/boot.o

.data           0x0000c690      0x33c
 *(.data)
 .data          0x0000c690        0x0 build/boot.o
 .data          0x0000c690        0x0 build/uart.o
 .data          0x0000c690        0x0 build/spi.o
 .data          0x0000c690        0x0 build/bcm2835.o
 .data          0x0000c690      0x338 build/main.o
                0x0000c690                N
                0x0000c9b0                bcm2835_gpio
                0x0000c9b4                bcm2835_clk
                0x0000c9b8                bcm2835_pads
                0x0000c9bc                bcm2835_spi0
                0x0000c9c0                bcm2835_bsc0
                0x0000c9c4                bcm2835_st
 .data          0x0000c9c8        0x0 build/softfloat.o
 .data          0x0000c9c8        0x0 build/can.o
 .data          0x0000c9c8        0x4 build/i2c.o

.igot.plt       0x0000c9cc        0x0
 .igot.plt      0x00000000        0x0 build/boot.o

.bss            0x0000c9cc       0x34
 *(.bss)
 .bss           0x0000c9cc        0x0 build/boot.o
 .bss           0x0000c9cc        0x0 build/uart.o
 .bss           0x0000c9cc        0x0 build/spi.o
 .bss           0x0000c9cc        0x0 build/bcm2835.o
 .bss           0x0000c9cc        0x0 build/main.o
 .bss           0x0000c9cc        0x4 build/softfloat.o
                0x0000c9cc                float_detect_tininess
 .bss           0x0000c9d0        0x0 build/can.o
 .bss           0x0000c9d0        0x0 build/i2c.o
 COMMON         0x0000c9d0       0x30 build/main.o
                0x0000c9d0                ones
                0x0000c9d4                pass
                0x0000c9e0                logname
                0x0000c9ec                rbuf
                0x0000c9f0                alarm
                0x0000c9f4                buffer
                0x0000c9f8                float_exception_flags
                0x0000c9f9                tens
                0x0000c9fa                float_rounding_mode
                0x0000c9fc                tbuf
OUTPUT(build/output.elf elf32-littlearm)

.ARM.attributes
                0x00000000       0x27
 .ARM.attributes
                0x00000000       0x16 build/boot.o
 .ARM.attributes
                0x00000016       0x2b build/uart.o
 .ARM.attributes
                0x00000041       0x2b build/spi.o
 .ARM.attributes
                0x0000006c       0x2b build/bcm2835.o
 .ARM.attributes
                0x00000097       0x2b build/main.o
 .ARM.attributes
                0x000000c2       0x2b build/softfloat.o
 .ARM.attributes
                0x000000ed       0x2b build/can.o
 .ARM.attributes
                0x00000118       0x2b build/i2c.o

.comment        0x00000000       0x22
 .comment       0x00000000       0x22 build/uart.o
                                 0x23 (size before relaxing)
 .comment       0x00000000       0x23 build/spi.o
 .comment       0x00000000       0x23 build/bcm2835.o
 .comment       0x00000000       0x23 build/main.o
 .comment       0x00000000       0x23 build/softfloat.o
 .comment       0x00000000       0x23 build/can.o
 .comment       0x00000000       0x23 build/i2c.o

.note.GNU-stack
                0x00000000        0x0
 .note.GNU-stack
                0x00000000        0x0 build/uart.o
 .note.GNU-stack
                0x00000000        0x0 build/spi.o
 .note.GNU-stack
                0x00000000        0x0 build/bcm2835.o
 .note.GNU-stack
                0x00000000        0x0 build/main.o
 .note.GNU-stack
                0x00000000        0x0 build/softfloat.o
 .note.GNU-stack
                0x00000000        0x0 build/can.o
 .note.GNU-stack
                0x00000000        0x0 build/i2c.o
